[    1461ms] [INFO] %cDownload the React DevTools for a better development experience: https://react.dev/link/react-devtools font-weight:bold @ http://localhost:3000/_next/static/chunks/node_modules_next_dist_115brz8._.js:2431
[    1511ms] [LOG] [HMR] connected @ http://localhost:3000/_next/static/chunks/node_modules_next_dist_115brz8._.js:2431
[   83587ms] [LOG] [Fast Refresh] rebuilding @ http://localhost:3000/_next/static/chunks/node_modules_next_dist_115brz8._.js:2431
[   83610ms] [LOG] [Fast Refresh] done in 40ms @ http://localhost:3000/_next/static/chunks/node_modules_next_dist_115brz8._.js:2431
[  108058ms] [WARNING] Datadog Browser SDK: No storage available for session. We will not send any data. @ https://www.datadoghq-browser-agent.com/us1/v5/datadog-rum.js:0
[  108782ms] [INFO] Loading the script 'https://js.sentry-cdn.com/6c2ff3e3828e4017b7faf7b63e24cdf8.min.js' violates the following Content Security Policy directive: "script-src 'unsafe-inline' 'unsafe-eval'". Note that 'script-src-elem' was not explicitly set, so 'script-src' is used as a fallback. The policy is report-only, so the violation has been logged but no further action has been taken. @ https://substack.com/session-attribution-frame:0
[  108824ms] [INFO] Loading the script 'https://substackcdn.com/bundle/static/js/89013.40a708ea.js' violates the following Content Security Policy directive: "script-src 'unsafe-inline' 'unsafe-eval'". Note that 'script-src-elem' was not explicitly set, so 'script-src' is used as a fallback. The policy is report-only, so the violation has been logged but no further action has been taken. @ https://substack.com/session-attribution-frame:0
[  108824ms] [INFO] Loading the script 'https://substackcdn.com/bundle/static/js/91046.1c7d7dc4.js' violates the following Content Security Policy directive: "script-src 'unsafe-inline' 'unsafe-eval'". Note that 'script-src-elem' was not explicitly set, so 'script-src' is used as a fallback. The policy is report-only, so the violation has been logged but no further action has been taken. @ https://substack.com/session-attribution-frame:0
[  108824ms] [INFO] Loading the script 'https://substackcdn.com/bundle/static/js/38535.b6a66dc9.js' violates the following Content Security Policy directive: "script-src 'unsafe-inline' 'unsafe-eval'". Note that 'script-src-elem' was not explicitly set, so 'script-src' is used as a fallback. The policy is report-only, so the violation has been logged but no further action has been taken. @ https://substack.com/session-attribution-frame:0
[  108824ms] [INFO] Loading the script 'https://substackcdn.com/bundle/static/js/43655.8be78293.js' violates the following Content Security Policy directive: "script-src 'unsafe-inline' 'unsafe-eval'". Note that 'script-src-elem' was not explicitly set, so 'script-src' is used as a fallback. The policy is report-only, so the violation has been logged but no further action has been taken. @ https://substack.com/session-attribution-frame:0
[  108824ms] [INFO] Loading the script 'https://substackcdn.com/bundle/static/js/47189.80f070ec.js' violates the following Content Security Policy directive: "script-src 'unsafe-inline' 'unsafe-eval'". Note that 'script-src-elem' was not explicitly set, so 'script-src' is used as a fallback. The policy is report-only, so the violation has been logged but no further action has been taken. @ https://substack.com/session-attribution-frame:0
[  108824ms] [INFO] Loading the script 'https://substackcdn.com/bundle/static/js/95468.56036201.js' violates the following Content Security Policy directive: "script-src 'unsafe-inline' 'unsafe-eval'". Note that 'script-src-elem' was not explicitly set, so 'script-src' is used as a fallback. The policy is report-only, so the violation has been logged but no further action has been taken. @ https://substack.com/session-attribution-frame:0
[  108824ms] [INFO] Loading the script 'https://substackcdn.com/bundle/static/js/54889.acbad411.js' violates the following Content Security Policy directive: "script-src 'unsafe-inline' 'unsafe-eval'". Note that 'script-src-elem' was not explicitly set, so 'script-src' is used as a fallback. The policy is report-only, so the violation has been logged but no further action has been taken. @ https://substack.com/session-attribution-frame:0
[  108824ms] [INFO] Loading the script 'https://substackcdn.com/bundle/static/js/7470.3b54506e.js' violates the following Content Security Policy directive: "script-src 'unsafe-inline' 'unsafe-eval'". Note that 'script-src-elem' was not explicitly set, so 'script-src' is used as a fallback. The policy is report-only, so the violation has been logged but no further action has been taken. @ https://substack.com/session-attribution-frame:0
[  108824ms] [INFO] Loading the script 'https://substackcdn.com/bundle/static/js/60446.a95408ba.js' violates the following Content Security Policy directive: "script-src 'unsafe-inline' 'unsafe-eval'". Note that 'script-src-elem' was not explicitly set, so 'script-src' is used as a fallback. The policy is report-only, so the violation has been logged but no further action has been taken. @ https://substack.com/session-attribution-frame:0
[  108824ms] [INFO] Loading the script 'https://substackcdn.com/bundle/static/js/94740.d3599247.js' violates the following Content Security Policy directive: "script-src 'unsafe-inline' 'unsafe-eval'". Note that 'script-src-elem' was not explicitly set, so 'script-src' is used as a fallback. The policy is report-only, so the violation has been logged but no further action has been taken. @ https://substack.com/session-attribution-frame:0
[  108824ms] [INFO] Loading the script 'https://substackcdn.com/bundle/static/js/sessionAttributionFrame.62574aad.js' violates the following Content Security Policy directive: "script-src 'unsafe-inline' 'unsafe-eval'". Note that 'script-src-elem' was not explicitly set, so 'script-src' is used as a fallback. The policy is report-only, so the violation has been logged but no further action has been taken. @ https://substack.com/session-attribution-frame:0
[  108825ms] [INFO] Loading the script 'https://www.datadoghq-browser-agent.com/us1/v5/datadog-rum.js' violates the following Content Security Policy directive: "script-src 'unsafe-inline' 'unsafe-eval'". Note that 'script-src-elem' was not explicitly set, so 'script-src' is used as a fallback. The policy is report-only, so the violation has been logged but no further action has been taken. @ https://substack.com/session-attribution-frame:256
[  108825ms] [INFO] Loading the script 'https://static.cloudflareinsights.com/beacon.min.js' violates the following Content Security Policy directive: "script-src 'unsafe-inline' 'unsafe-eval'". Note that 'script-src-elem' was not explicitly set, so 'script-src' is used as a fallback. The policy is report-only, so the violation has been logged but no further action has been taken. @ https://substack.com/session-attribution-frame:0
[  108839ms] [INFO] Connecting to 'https://substack.com/api/v1/i18n/translations?language=en-gb&isMarketingPage=false' violates the following Content Security Policy directive: "connect-src 'none'". The policy is report-only, so the violation has been logged but no further action has been taken. @ https://substackcdn.com/bundle/static/js/7470.3b54506e.js:0
[  108839ms] [INFO] Connecting to 'https://substack.com/api/v1/i18n/translations?language=en-gb&isMarketingPage=false' violates the following Content Security Policy directive: "connect-src 'none'". The policy is report-only, so the violation has been logged but no further action has been taken. @ https://substackcdn.com/bundle/static/js/7470.3b54506e.js:0
[  108839ms] [LOG] %c
░░░░░░░░░░░░░░░░░░░░░░░░░░░░░░░░░░░░░░░░░░░░░░░░░░░░░░░░░░░░░░░░
░░░░░░░░░░░░░░░░░░░░░░░░░░░░░░░░░░░░░░░░░░░░░░░░░░░░░░░░░░░░░░░░
░░░░░░░░░░░░░░░░░░░░░░ SUBSTACK WANTS YOU ░░░░░░░░░░░░░░░░░░░░░░
░░░░░░░░░░░░░░░░░░░░░░░░░░░░░░░░░░░░░░░░░░░░░░░░░░░░░░░░░░░░░░░░
░░░░░░░░░░░░░░░░░░░░░░░░░░░░░░░░░░░░░░░░░░░░░░░░░░░░░░░░░░░░░░░░
░░░░░░░░░░░░░░░▓▓▓▓▓▓▓▓▓▓▓▓▓▓▓▓▓▓▓▓▓▓▓▓▓▓▓▓▓▓▓▓▓▓░░░░░░░░░░░░░░░
░░░░░░░░░░░░░░░▓▓▓▓▓▓▓▓▓▓▓▓▓▓▓▓▓▓▓▓▓▓▓▓▓▓▓▓▓▓▓▓▓▓░░░░░░░░░░░░░░░
░░░░░░░░░░░░░░░░░░░░░░░░░░░░░░░░░░░░░░░░░░░░░░░░░░░░░░░░░░░░░░░░
░░░░░░░░░░░░░░░▓▓▓▓▓▓▓▓▓▓▓▓▓▓▓▓▓▓▓▓▓▓▓▓▓▓▓▓▓▓▓▓▓▓░░░░░░░░░░░░░░░
░░░░░░░░░░░░░░░▓▓▓▓▓▓▓▓▓▓▓▓▓▓▓▓▓▓▓▓▓▓▓▓▓▓▓▓▓▓▓▓▓▓░░░░░░░░░░░░░░░
░░░░░░░░░░░░░░░░░░░░░░░░░░░░░░░░░░░░░░░░░░░░░░░░░░░░░░░░░░░░░░░░
░░░░░░░░░░░░░░░▓▓▓▓▓▓▓▓▓▓▓▓▓▓▓▓▓▓▓▓▓▓▓▓▓▓▓▓▓▓▓▓▓▓░░░░░░░░░░░░░░░
░░░░░░░░░░░░░░░▓▓▓▓▓▓▓▓▓▓▓▓▓▓▓▓▓▓▓▓▓▓▓▓▓▓▓▓▓▓▓▓▓▓░░░░░░░░░░░░░░░
░░░░░░░░░░░░░░░▓▓▓▓▓▓▓▓▓▓▓▓▓▓▓▓▓▓▓▓▓▓▓▓▓▓▓▓▓▓▓▓▓▓░░░░░░░░░░░░░░░
░░░░░░░░░░░░░░░▓▓▓▓▓▓▓▓▓▓▓▓▓▓▓▓▓▓▓▓▓▓▓▓▓▓▓▓▓▓▓▓▓▓░░░░░░░░░░░░░░░
░░░░░░░░░░░░░░░▓▓▓▓▓▓▓▓▓▓▓▓▓▓▓▓▓▓▓▓▓▓▓▓▓▓▓▓▓▓▓▓▓▓░░░░░░░░░░░░░░░
░░░░░░░░░░░░░░░▓▓▓▓▓▓▓▓▓▓▓▓▓▓▓▓▓▓▓▓▓▓▓▓▓▓▓▓▓▓▓▓▓▓░░░░░░░░░░░░░░░
░░░░░░░░░░░░░░░▓▓▓▓▓▓▓▓▓▓▓▓▓▓▓▒▒▒▒▓▓▓▓▓▓▓▓▓▓▓▓▓▓▓░░░░░░░░░░░░░░░
░░░░░░░░░░░░░░░▓▓▓▓▓▓▓▓▓▓▓▓▒░░░░░░░░▒▓▓▓▓▓▓▓▓▓▓▓▓░░░░░░░░░░░░░░░
░░░░░░░░░░░░░░░▓▓▓▓▓▓▓▓▒▒░░░░░░░░░░░░░░▒▒▓▓▓▓▓▓▓▓░░░░░░░░░░░░░░░
░░░░░░░░░░░░░░░▓▓▓▓▓▒░░░░░░░░░░░░░░░░░░░░░░▒▓▓▓▓▓░░░░░░░░░░░░░░░
░░░░░░░░░░░░░░░▓▒░░░░░░░░░░░░░░░░░░░░░░░░░░░░░░▒▓░░░░░░░░░░░░░░░
░░░░░░░░░░░░░░░░░░░░░░░░░░░░░░░░░░░░░░░░░░░░░░░░░░░░░░░░░░░░░░░░
░░░░░░░░░░░░░░░░░░░░░░░░░░░░░░░░░░░░░░░░░░░░░░░░░░░░░░░░░░░░░░░░
░░░░░░░░░░ TO BUILD A NEW ECONOMIC ENGINE FOR CULTURE ░░░░░░░░░░
░░░░░░░░░░░░░░░░░░░░░░░░░░░░░░░░░░░░░░░░░░░░░░░░░░░░░░░░░░░░░░░░
░░░░░░░░░░░░░░░░░░░░░░░░░░░░░░░░░░░░░░░░░░░░░░░░░░░░░░░░░░░░░░░░
                   https://substack.com/jobs
 font-family:monospace @ https://substackcdn.com/bundle/static/js/7470.3b54506e.js:0
[  108839ms] [INFO] Loading the script 'https://substack.com/cdn-cgi/challenge-platform/scripts/jsd/main.js' violates the following Content Security Policy directive: "script-src 'unsafe-inline' 'unsafe-eval'". Note that 'script-src-elem' was not explicitly set, so 'script-src' is used as a fallback. The policy is report-only, so the violation has been logged but no further action has been taken. @ :0
[  108840ms] [WARNING] Datadog Browser SDK: No storage available for session. We will not send any data. @ https://www.datadoghq-browser-agent.com/us1/v5/datadog-rum.js:0
[  108841ms] [INFO] Loading the script 'https://www.googletagmanager.com/gtag/js?id=G-TLW0DF6G5V&l=localGaDataLayer' violates the following Content Security Policy directive: "script-src 'unsafe-inline' 'unsafe-eval'". Note that 'script-src-elem' was not explicitly set, so 'script-src' is used as a fallback. The policy is report-only, so the violation has been logged but no further action has been taken. @ https://substackcdn.com/bundle/static/js/7470.3b54506e.js:0
[  108843ms] [INFO] Connecting to 'https://cloudflareinsights.com/cdn-cgi/rum' violates the following Content Security Policy directive: "connect-src 'none'". The policy is report-only, so the violation has been logged but no further action has been taken. @ https://static.cloudflareinsights.com/beacon.min.js:0
[  108930ms] [INFO] Loading the script 'https://substack.com/cdn-cgi/challenge-platform/h/g/scripts/jsd/8fc8ed1d8752/main.js?' violates the following Content Security Policy directive: "script-src 'unsafe-inline' 'unsafe-eval'". Note that 'script-src-elem' was not explicitly set, so 'script-src' is used as a fallback. The policy is report-only, so the violation has been logged but no further action has been taken. @ about:blank:0
[  109156ms] [INFO] Connecting to 'https://substack.com/cdn-cgi/challenge-platform/h/g/jsd/oneshot/8fc8ed1d8752/0.9236844497032608:1781233520:nsSeo2AMnxfTWhfNNCHxlpp5pkqeulDpNen5ogFf8qg/a0a5d7091ed4d97e' violates the following Content Security Policy directive: "connect-src 'none'". The policy is report-only, so the violation has been logged but no further action has been taken. @ https://substack.com/cdn-cgi/challenge-platform/scripts/jsd/main.js:0
[  109332ms] [INFO] Loading the script 'https://www.googletagmanager.com/gtag/js?id=AW-316245675&l=localGaDataLayer&cx=c&gtm=4e66b0h2' violates the following Content Security Policy directive: "script-src 'unsafe-inline' 'unsafe-eval'". Note that 'script-src-elem' was not explicitly set, so 'script-src' is used as a fallback. The policy is report-only, so the violation has been logged but no further action has been taken. @ https://www.googletagmanager.com/gtag/js?id=G-TLW0DF6G5V&l=localGaDataLayer:223
[  109622ms] [INFO] Loading the script 'https://googleads.g.doubleclick.net/pagead/viewthroughconversion/316245675/?random=1781235689276&cv=11&fst=1781235689276&bg=ffffff&guid=ON&async=1&en=gtag.config&gtm=45be66b0h2v887153041za200zb880777354zd880777354xec&gcd=13l3l3l3l1l1&dma=0&tag_exp=115938465~115938469~119456239~119456247&u_w=1710&u_h=1107&url=https%3A%2F%2Fsubstack.com%2Fsession-attribution-frame&ref=https%3A%2F%2Fratios.substack.com%2F&top=http%3A%2F%2Flocalhost%3A3000&rcb=3&frm=2&hn=www.googleadservices.com&npa=0&pscdl=noapi&uaa=arm&uab=64&uafvl=Google%2520Chrome%3B147.0.7727.101%7CNot.A%252FBrand%3B8.0.0.0%7CChromium%3B147.0.7727.101&uamb=0&uam=&uap=macOS&uapv=26.5.1&uaw=0&data=event%3Dgtag.config&ept=9&rfmt=3&fmt=4' violates the following Content Security Policy directive: "script-src 'unsafe-inline' 'unsafe-eval'". Note that 'script-src-elem' was not explicitly set, so 'script-src' is used as a fallback. The policy is report-only, so the violation has been logged but no further action has been taken. @ https://www.googletagmanager.com/gtag/js?id=AW-316245675&l=localGaDataLayer&cx=c&gtm=4e66b0h2:145
[  109622ms] [INFO] Connecting to 'https://www.google.com/rmkt/collect/316245675/?random=1781235689276&cv=11&fst=1781235689276&fmt=8&bg=ffffff&guid=ON&async=1&en=gtag.config&gtm=45be66b0h2v887153041za200zb880777354zd880777354xec&gcd=13l3l3l3l1l1&dma=0&tag_exp=115938465~115938469~119456239~119456247&u_w=1710&u_h=1107&url=https%3A%2F%2Fsubstack.com%2Fsession-attribution-frame&ref=https%3A%2F%2Fratios.substack.com%2F&top=http%3A%2F%2Flocalhost%3A3000&rcb=3&frm=2&hn=www.googleadservices.com&npa=0&pscdl=noapi&uaa=arm&uab=64&uafvl=Google%2520Chrome%3B147.0.7727.101%7CNot.A%252FBrand%3B8.0.0.0%7CChromium%3B147.0.7727.101&uamb=0&uam=&uap=macOS&uapv=26.5.1&uaw=0&data=event%3Dgtag.config&ept=68&gcp=5' violates the following Content Security Policy directive: "connect-src 'none'". The policy is report-only, so the violation has been logged but no further action has been taken. @ https://www.googletagmanager.com/gtag/js?id=AW-316245675&l=localGaDataLayer&cx=c&gtm=4e66b0h2:482
[  109622ms] [INFO] Connecting to 'https://www.google.com/rmkt/collect/316245675/?random=1781235689276&cv=11&fst=1781235689276&fmt=8&bg=ffffff&guid=ON&async=1&en=gtag.config&gtm=45be66b0h2v887153041za200zb880777354zd880777354xec&gcd=13l3l3l3l1l1&dma=0&tag_exp=115938465~115938469~119456239~119456247&u_w=1710&u_h=1107&url=https%3A%2F%2Fsubstack.com%2Fsession-attribution-frame&ref=https%3A%2F%2Fratios.substack.com%2F&top=http%3A%2F%2Flocalhost%3A3000&rcb=3&frm=2&hn=www.googleadservices.com&npa=0&pscdl=noapi&uaa=arm&uab=64&uafvl=Google%2520Chrome%3B147.0.7727.101%7CNot.A%252FBrand%3B8.0.0.0%7CChromium%3B147.0.7727.101&uamb=0&uam=&uap=macOS&uapv=26.5.1&uaw=0&data=event%3Dgtag.config&ept=68&gcp=5' violates the following Content Security Policy directive: "connect-src 'none'". The policy is report-only, so the violation has been logged but no further action has been taken. @ https://www.googletagmanager.com/gtag/js?id=AW-316245675&l=localGaDataLayer&cx=c&gtm=4e66b0h2:482
[  109623ms] [INFO] Connecting to 'https://www.google.com/ccm/collect?rcb=3&frm=2&en=page_view&dr=ratios.substack.com&dl=https%3A%2F%2Fsubstack.com%2Fsession-attribution-frame&top=http%3A%2F%2Flocalhost%3A3000&scrsrc=www.googletagmanager.com&rnd=1372403525.1781235689&navt=n&npa=0&gtm=45be66b0h2v887153041za200zb880777354zd880777354xec&gcd=13l3l3l3l1l1&dma=0&tag_exp=115938465~115938469~119456239~119456247&apve=1&apvf=f&apvc=1&tids=AW-316245675&tid=AW-316245675&tft=1781235689287&tfd=1656' violates the following Content Security Policy directive: "connect-src 'none'". The policy is report-only, so the violation has been logged but no further action has been taken. @ https://www.googletagmanager.com/gtag/js?id=AW-316245675&l=localGaDataLayer&cx=c&gtm=4e66b0h2:152
[  109623ms] [INFO] Connecting to 'https://www.google.com/ccm/collect?rcb=3&frm=2&en=page_view&dr=ratios.substack.com&dl=https%3A%2F%2Fsubstack.com%2Fsession-attribution-frame&top=http%3A%2F%2Flocalhost%3A3000&scrsrc=www.googletagmanager.com&rnd=1372403525.1781235689&navt=n&npa=0&gtm=45be66b0h2v887153041za200zb880777354zd880777354xec&gcd=13l3l3l3l1l1&dma=0&tag_exp=115938465~115938469~119456239~119456247&apve=1&apvf=f&apvc=1&tids=AW-316245675&tid=AW-316245675&tft=1781235689287&tfd=1656' violates the following Content Security Policy directive: "connect-src 'none'". The policy is report-only, so the violation has been logged but no further action has been taken. @ https://www.googletagmanager.com/gtag/js?id=AW-316245675&l=localGaDataLayer&cx=c&gtm=4e66b0h2:152
[  123998ms] [INFO] Connecting to 'https://substack.com/api/v1/firehose/batch' violates the following Content Security Policy directive: "connect-src 'none'". The policy is report-only, so the violation has been logged but no further action has been taken. @ https://substackcdn.com/bundle/static/js/sessionAttributionFrame.62574aad.js:0
[  123998ms] [INFO] Connecting to 'https://substack.com/api/v1/firehose/batch' violates the following Content Security Policy directive: "connect-src 'none'". The policy is report-only, so the violation has been logged but no further action has been taken. @ https://substackcdn.com/bundle/static/js/sessionAttributionFrame.62574aad.js:0
[  123999ms] [INFO] Connecting to 'https://cloudflareinsights.com/cdn-cgi/rum' violates the following Content Security Policy directive: "connect-src 'none'". The policy is report-only, so the violation has been logged but no further action has been taken. @ https://static.cloudflareinsights.com/beacon.min.js:0
[  123999ms] [INFO] Connecting to 'https://cloudflareinsights.com/cdn-cgi/rum' violates the following Content Security Policy directive: "connect-src 'none'". The policy is report-only, so the violation has been logged but no further action has been taken. @ https://static.cloudflareinsights.com/beacon.min.js:0
[  125723ms] [LOG] [Fast Refresh] rebuilding @ http://localhost:3000/_next/static/chunks/node_modules_next_dist_115brz8._.js:2431
[  125862ms] [LOG] [Fast Refresh] done in 239ms @ http://localhost:3000/_next/static/chunks/node_modules_next_dist_115brz8._.js:2431
[  126005ms] [WARNING] Detected `scroll-behavior: smooth` on the `<html>` element. To disable smooth scrolling during route transitions, add `data-scroll-behavior="smooth"` to your <html> element. Learn more: https://nextjs.org/docs/messages/missing-data-scroll-behavior @ http://localhost:3000/_next/static/chunks/node_modules_next_dist_115brz8._.js:2431
[  138885ms] [LOG] [Fast Refresh] rebuilding @ http://localhost:3000/_next/static/chunks/node_modules_next_dist_115brz8._.js:2431
[  138910ms] [LOG] [Fast Refresh] done in 31ms @ http://localhost:3000/_next/static/chunks/node_modules_next_dist_115brz8._.js:2431
[  176104ms] [LOG] [Fast Refresh] rebuilding @ http://localhost:3000/_next/static/chunks/node_modules_next_dist_115brz8._.js:2431
[  176153ms] [LOG] [Fast Refresh] done in 23ms @ http://localhost:3000/_next/static/chunks/node_modules_next_dist_115brz8._.js:2431
[  184331ms] [WARNING] Datadog Browser SDK: No storage available for session. We will not send any data. @ https://www.datadoghq-browser-agent.com/us1/v5/datadog-rum.js:0
[  185392ms] [WARNING] Datadog Browser SDK: No storage available for session. We will not send any data. @ https://www.datadoghq-browser-agent.com/us1/v5/datadog-rum.js:0
[  185403ms] [LOG] %c
░░░░░░░░░░░░░░░░░░░░░░░░░░░░░░░░░░░░░░░░░░░░░░░░░░░░░░░░░░░░░░░░
░░░░░░░░░░░░░░░░░░░░░░░░░░░░░░░░░░░░░░░░░░░░░░░░░░░░░░░░░░░░░░░░
░░░░░░░░░░░░░░░░░░░░░░ SUBSTACK WANTS YOU ░░░░░░░░░░░░░░░░░░░░░░
░░░░░░░░░░░░░░░░░░░░░░░░░░░░░░░░░░░░░░░░░░░░░░░░░░░░░░░░░░░░░░░░
░░░░░░░░░░░░░░░░░░░░░░░░░░░░░░░░░░░░░░░░░░░░░░░░░░░░░░░░░░░░░░░░
░░░░░░░░░░░░░░░▓▓▓▓▓▓▓▓▓▓▓▓▓▓▓▓▓▓▓▓▓▓▓▓▓▓▓▓▓▓▓▓▓▓░░░░░░░░░░░░░░░
░░░░░░░░░░░░░░░▓▓▓▓▓▓▓▓▓▓▓▓▓▓▓▓▓▓▓▓▓▓▓▓▓▓▓▓▓▓▓▓▓▓░░░░░░░░░░░░░░░
░░░░░░░░░░░░░░░░░░░░░░░░░░░░░░░░░░░░░░░░░░░░░░░░░░░░░░░░░░░░░░░░
░░░░░░░░░░░░░░░▓▓▓▓▓▓▓▓▓▓▓▓▓▓▓▓▓▓▓▓▓▓▓▓▓▓▓▓▓▓▓▓▓▓░░░░░░░░░░░░░░░
░░░░░░░░░░░░░░░▓▓▓▓▓▓▓▓▓▓▓▓▓▓▓▓▓▓▓▓▓▓▓▓▓▓▓▓▓▓▓▓▓▓░░░░░░░░░░░░░░░
░░░░░░░░░░░░░░░░░░░░░░░░░░░░░░░░░░░░░░░░░░░░░░░░░░░░░░░░░░░░░░░░
░░░░░░░░░░░░░░░▓▓▓▓▓▓▓▓▓▓▓▓▓▓▓▓▓▓▓▓▓▓▓▓▓▓▓▓▓▓▓▓▓▓░░░░░░░░░░░░░░░
░░░░░░░░░░░░░░░▓▓▓▓▓▓▓▓▓▓▓▓▓▓▓▓▓▓▓▓▓▓▓▓▓▓▓▓▓▓▓▓▓▓░░░░░░░░░░░░░░░
░░░░░░░░░░░░░░░▓▓▓▓▓▓▓▓▓▓▓▓▓▓▓▓▓▓▓▓▓▓▓▓▓▓▓▓▓▓▓▓▓▓░░░░░░░░░░░░░░░
░░░░░░░░░░░░░░░▓▓▓▓▓▓▓▓▓▓▓▓▓▓▓▓▓▓▓▓▓▓▓▓▓▓▓▓▓▓▓▓▓▓░░░░░░░░░░░░░░░
░░░░░░░░░░░░░░░▓▓▓▓▓▓▓▓▓▓▓▓▓▓▓▓▓▓▓▓▓▓▓▓▓▓▓▓▓▓▓▓▓▓░░░░░░░░░░░░░░░
░░░░░░░░░░░░░░░▓▓▓▓▓▓▓▓▓▓▓▓▓▓▓▓▓▓▓▓▓▓▓▓▓▓▓▓▓▓▓▓▓▓░░░░░░░░░░░░░░░
░░░░░░░░░░░░░░░▓▓▓▓▓▓▓▓▓▓▓▓▓▓▓▒▒▒▒▓▓▓▓▓▓▓▓▓▓▓▓▓▓▓░░░░░░░░░░░░░░░
░░░░░░░░░░░░░░░▓▓▓▓▓▓▓▓▓▓▓▓▒░░░░░░░░▒▓▓▓▓▓▓▓▓▓▓▓▓░░░░░░░░░░░░░░░
░░░░░░░░░░░░░░░▓▓▓▓▓▓▓▓▒▒░░░░░░░░░░░░░░▒▒▓▓▓▓▓▓▓▓░░░░░░░░░░░░░░░
░░░░░░░░░░░░░░░▓▓▓▓▓▒░░░░░░░░░░░░░░░░░░░░░░▒▓▓▓▓▓░░░░░░░░░░░░░░░
░░░░░░░░░░░░░░░▓▒░░░░░░░░░░░░░░░░░░░░░░░░░░░░░░▒▓░░░░░░░░░░░░░░░
░░░░░░░░░░░░░░░░░░░░░░░░░░░░░░░░░░░░░░░░░░░░░░░░░░░░░░░░░░░░░░░░
░░░░░░░░░░░░░░░░░░░░░░░░░░░░░░░░░░░░░░░░░░░░░░░░░░░░░░░░░░░░░░░░
░░░░░░░░░░ TO BUILD A NEW ECONOMIC ENGINE FOR CULTURE ░░░░░░░░░░
░░░░░░░░░░░░░░░░░░░░░░░░░░░░░░░░░░░░░░░░░░░░░░░░░░░░░░░░░░░░░░░░
░░░░░░░░░░░░░░░░░░░░░░░░░░░░░░░░░░░░░░░░░░░░░░░░░░░░░░░░░░░░░░░░
                   https://substack.com/jobs
 font-family:monospace @ https://substackcdn.com/bundle/static/js/7470.3b54506e.js:0
[  234472ms] [LOG] [Fast Refresh] rebuilding @ http://localhost:3000/_next/static/chunks/node_modules_next_dist_115brz8._.js:2431
[  234559ms] [LOG] [Fast Refresh] done in 187ms @ http://localhost:3000/_next/static/chunks/node_modules_next_dist_115brz8._.js:2431
